[www.surveymonkey.com/r/Net-Promoter-Score-Template.html]
[backblue.gif]
[fade.gif]
[index.html]
[secure.surveymonkey.com/smassets/responseweb/smlib.globaltemplates/1.14.2/assets/sm_logo_fb.png]
[secure.surveymonkey.com/smassets/responseweb/responseweb-base-bundle-min.d8e5f963.css]
[secure.surveymonkey.com/smassets/responseweb/smlib.surveytemplates-survey_page-bundle-min.d61b65af.css]
[secure.surveymonkey.com/r/themes/4.0.7_2337128_5157631c-47b3-4854-b467-5d6b027cf637.css]
[ajax.googleapis.com/ajax/libs/jquery/1.9.1/jquery.min.js]
[www.surveymonkey.com/r/Net-Promoter-Score-Template.html]
[fonts.googleapis.com/earlyaccess/notosanstc.css]
[fonts.googleapis.com/earlyaccess/notosansjp.css]
[fonts.googleapis.com/earlyaccess/notosanskr.css]
[secure.surveymonkey.com/smassets/responseweb/responseweb-response-bundle-min.f3d33448.js]
[www.google-analytics.com/analytics.js]
[secure.surveymonkey.com/smassets/responseweb/smlib.ui/2.7.1/assets/sm_sprite_arrows.png]
[secure.surveymonkey.com/smassets/responseweb/smlib.ui/2.7.1/assets/fonts/smiconswebfontd41d.eot]
[secure.surveymonkey.com/smassets/responseweb/smlib.ui/2.7.1/assets/fonts/smiconswebfont.woff]
[secure.surveymonkey.com/smassets/responseweb/smlib.ui/2.7.1/assets/fonts/smiconswebfont.ttf]
[secure.surveymonkey.com/smassets/responseweb/smlib.ui/2.7.1/assets/fonts/smicons2webfontd41d.eot]
[secure.surveymonkey.com/smassets/responseweb/smlib.ui/2.7.1/assets/fonts/smicons2webfont.woff]
[secure.surveymonkey.com/smassets/responseweb/smlib.ui/2.7.1/assets/fonts/smicons2webfont.ttf]
[secure.surveymonkey.com/smassets/responseweb/smlib.ui/2.7.1/assets/fonts/sm-categorieswebfontd41d.eot]
[secure.surveymonkey.com/smassets/responseweb/smlib.ui/2.7.1/assets/fonts/sm-categorieswebfont.woff]
[secure.surveymonkey.com/smassets/responseweb/smlib.ui/2.7.1/assets/fonts/sm-categorieswebfont.ttf]
[secure.surveymonkey.com/smassets/responseweb/responseweb-base-bundle-min.d8e5f963.css]
[secure.surveymonkey.com/smassets/responseweb/smlib.surveytemplates/4.0.7/assets/sprite_checkmark_alpha.png]
[secure.surveymonkey.com/smassets/responseweb/smlib.surveytemplates/4.0.7/assets/arrow_dropdown_with_padding.png]
[secure.surveymonkey.com/smassets/responseweb/smlib.surveytemplates/4.0.7/assets/arrow_dropdown_with_padding@2x.png]
[secure.surveymonkey.com/smassets/responseweb/smlib.surveytemplates/4.0.7/assets/Handles.png]
[secure.surveymonkey.com/smassets/responseweb/smlib.surveytemplates/4.0.7/assets/Handles@2x.png]
[secure.surveymonkey.com/smassets/responseweb/smlib.surveytemplates/4.0.7/assets/surveymonkey_logo.png]
[secure.surveymonkey.com/smassets/responseweb/smlib.surveytemplates-survey_page-bundle-min.d61b65af.css]
[surveymonkey-assets.s3.amazonaws.com/smtheme/stock/7d00e426-ce61-5e7d-9106-a6e4e0311e0f.png]
[secure.surveymonkey.com/r/themes/4.0.7_2337128_5157631c-47b3-4854-b467-5d6b027cf637.css]
[secure.surveymonkey.com/smassets/responseweb/responseweb-response-bundle-min.f3d33448.js]
[secure.surveymonkey.com/smassets/responseweb/smlib.ui/2.7.1/assets/fonts/smiconswebfont.svg]
[secure.surveymonkey.com/smassets/responseweb/smlib.ui/2.7.1/assets/fonts/smicons2webfont.svg]
[secure.surveymonkey.com/smassets/responseweb/smlib.ui/2.7.1/assets/fonts/sm-categorieswebfont.svg]
